> Task :communication:checkKotlinGradlePluginConfigurationErrors SKIPPED
> Task :communication:preBuild UP-TO-DATE
> Task :communication:preDebugBuild UP-TO-DATE
> Task :communication:generateDebugResValues UP-TO-DATE
> Task :communication:generateDebugResources UP-TO-DATE
> Task :communication:packageDebugResources UP-TO-DATE
> Task :communication:parseDebugLocalResources UP-TO-DATE
> Task :communication:generateDebugRFile UP-TO-DATE
> Task :config:checkKotlinGradlePluginConfigurationErrors SKIPPED
> Task :config:preBuild UP-TO-DATE
> Task :config:preDebugBuild UP-TO-DATE
> Task :config:generateDebugResValues UP-TO-DATE
> Task :config:generateDebugResources UP-TO-DATE
> Task :config:packageDebugResources UP-TO-DATE
> Task :config:parseDebugLocalResources UP-TO-DATE
> Task :config:generateDebugRFile UP-TO-DATE
> Task :config:compileDebugKotlin UP-TO-DATE
> Task :config:javaPreCompileDebug UP-TO-DATE
> Task :config:compileDebugJavaWithJavac NO-SOURCE
> Task :config:bundleLibCompileToJarDebug UP-TO-DATE
> Task :format:checkKotlinGradlePluginConfigurationErrors SKIPPED
> Task :format:preBuild UP-TO-DATE
> Task :format:preDebugBuild UP-TO-DATE
> Task :format:generateDebugResValues UP-TO-DATE
> Task :format:generateDebugResources UP-TO-DATE
> Task :format:packageDebugResources UP-TO-DATE
> Task :format:parseDebugLocalResources UP-TO-DATE
> Task :format:generateDebugRFile UP-TO-DATE
> Task :utils:checkKotlinGradlePluginConfigurationErrors SKIPPED
> Task :utils:preBuild UP-TO-DATE
> Task :utils:preDebugBuild UP-TO-DATE
> Task :utils:generateDebugResValues UP-TO-DATE
> Task :utils:generateDebugResources UP-TO-DATE
> Task :utils:packageDebugResources UP-TO-DATE
> Task :utils:parseDebugLocalResources UP-TO-DATE
> Task :utils:generateDebugRFile UP-TO-DATE
> Task :utils:compileDebugKotlin UP-TO-DATE
> Task :utils:javaPreCompileDebug UP-TO-DATE
> Task :utils:compileDebugJavaWithJavac NO-SOURCE
> Task :utils:bundleLibCompileToJarDebug UP-TO-DATE
> Task :format:compileDebugKotlin UP-TO-DATE
> Task :format:javaPreCompileDebug UP-TO-DATE
> Task :format:compileDebugJavaWithJavac NO-SOURCE
> Task :format:bundleLibCompileToJarDebug UP-TO-DATE
> Task :communication:compileDebugKotlin UP-TO-DATE
> Task :communication:javaPreCompileDebug UP-TO-DATE
> Task :communication:compileDebugJavaWithJavac NO-SOURCE
> Task :communication:bundleLibCompileToJarDebug UP-TO-DATE
> Task :injector:checkKotlinGradlePluginConfigurationErrors SKIPPED
> Task :communication:compileDebugLibraryResources UP-TO-DATE
> Task :config:compileDebugLibraryResources UP-TO-DATE
> Task :format:compileDebugLibraryResources UP-TO-DATE
> Task :communication:writeDebugAarMetadata UP-TO-DATE
> Task :config:writeDebugAarMetadata UP-TO-DATE
> Task :format:writeDebugAarMetadata UP-TO-DATE
> Task :injector:preBuild UP-TO-DATE
> Task :injector:preDebugBuild UP-TO-DATE
> Task :manufacturer:preBuild UP-TO-DATE
> Task :manufacturer:preDebugBuild UP-TO-DATE
> Task :manufacturer:writeDebugAarMetadata UP-TO-DATE
> Task :persistence:preBuild UP-TO-DATE
> Task :persistence:preDebugBuild UP-TO-DATE
> Task :persistence:writeDebugAarMetadata UP-TO-DATE
> Task :utils:writeDebugAarMetadata UP-TO-DATE
> Task :injector:checkDebugAarMetadata UP-TO-DATE
> Task :injector:generateDebugResValues UP-TO-DATE
> Task :manufacturer:generateDebugResValues UP-TO-DATE
> Task :manufacturer:generateDebugResources UP-TO-DATE
> Task :manufacturer:packageDebugResources UP-TO-DATE
> Task :persistence:generateDebugResValues UP-TO-DATE
> Task :persistence:generateDebugResources UP-TO-DATE
> Task :persistence:packageDebugResources UP-TO-DATE
> Task :injector:mapDebugSourceSetPaths UP-TO-DATE
> Task :injector:generateDebugResources UP-TO-DATE
> Task :injector:mergeDebugResources UP-TO-DATE
> Task :injector:packageDebugResources UP-TO-DATE
> Task :injector:parseDebugLocalResources UP-TO-DATE
> Task :injector:createDebugCompatibleScreenManifests UP-TO-DATE
> Task :communication:extractDeepLinksDebug UP-TO-DATE
> Task :communication:processDebugManifest UP-TO-DATE
> Task :config:extractDeepLinksDebug UP-TO-DATE
> Task :config:processDebugManifest UP-TO-DATE
> Task :format:extractDeepLinksDebug UP-TO-DATE
> Task :format:processDebugManifest UP-TO-DATE
> Task :injector:extractDeepLinksDebug UP-TO-DATE
> Task :manufacturer:extractDeepLinksDebug UP-TO-DATE
> Task :manufacturer:processDebugManifest UP-TO-DATE
> Task :persistence:extractDeepLinksDebug UP-TO-DATE
> Task :persistence:processDebugManifest UP-TO-DATE
> Task :utils:extractDeepLinksDebug UP-TO-DATE
> Task :utils:processDebugManifest UP-TO-DATE
> Task :injector:processDebugMainManifest UP-TO-DATE
> Task :injector:processDebugManifest UP-TO-DATE
> Task :injector:processDebugManifestForPackage UP-TO-DATE
> Task :manufacturer:compileDebugLibraryResources UP-TO-DATE
> Task :manufacturer:parseDebugLocalResources UP-TO-DATE
> Task :manufacturer:generateDebugRFile UP-TO-DATE
> Task :persistence:compileDebugLibraryResources UP-TO-DATE
> Task :persistence:parseDebugLocalResources UP-TO-DATE
> Task :persistence:generateDebugRFile UP-TO-DATE
> Task :utils:compileDebugLibraryResources UP-TO-DATE
> Task :injector:processDebugResources UP-TO-DATE
> Task :manufacturer:compileDebugAidl UP-TO-DATE
> Task :manufacturer:checkKotlinGradlePluginConfigurationErrors SKIPPED
> Task :manufacturer:compileDebugKotlin UP-TO-DATE
> Task :manufacturer:javaPreCompileDebug UP-TO-DATE
> Task :manufacturer:compileDebugJavaWithJavac UP-TO-DATE
> Task :manufacturer:bundleLibCompileToJarDebug UP-TO-DATE
> Task :persistence:checkKotlinGradlePluginConfigurationErrors SKIPPED
> Task :persistence:kspDebugKotlin UP-TO-DATE
> Task :persistence:compileDebugKotlin UP-TO-DATE
> Task :persistence:javaPreCompileDebug UP-TO-DATE
> Task :persistence:compileDebugJavaWithJavac UP-TO-DATE
> Task :utils:bundleLibRuntimeToJarDebug UP-TO-DATE
> Task :persistence:transformDebugClassesWithAsm UP-TO-DATE
> Task :persistence:bundleLibCompileToJarDebug UP-TO-DATE
> Task :injector:kspDebugKotlin UP-TO-DATE
> Task :injector:compileDebugKotlin UP-TO-DATE

BUILD SUCCESSFUL in 32s
93 actionable tasks: 93 up-to-date
